<html>
<body>
<pre>
<h1>礦ision Build Log</h1>
<h2>Tool Versions:</h2>
IDE-Version: μVision V5.28.0.0
Copyright (C) 2019 ARM Ltd and ARM Germany GmbH. All rights reserved.
License Information: zc zc, zc, LIC=----
 
Tool Versions:
Toolchain:       MDK-Lite  Version: 5.28.0.0
Toolchain Path:  D:\Keil_v5\ARM\ARMCC\Bin
C Compiler:      Armcc.exe V5.06 update 6 (build 750)
Assembler:       Armasm.exe V5.06 update 6 (build 750)
Linker/Locator:  ArmLink.exe V5.06 update 6 (build 750)
Library Manager: ArmAr.exe V5.06 update 6 (build 750)
Hex Converter:   FromElf.exe V5.06 update 6 (build 750)
CPU DLL:         SARMCM3.DLL V5.28.0.0
Dialog DLL:      DCM.DLL V1.17.3.0
Target DLL:      STLink\ST-LINKIII-KEIL_SWO.dll V3.0.6.0
Dialog DLL:      TCM.DLL V1.36.2.0
 
<h2>Project:</h2>
Y:\技术临时保存\传感器模块+STM32套件资料\温湿度传感器模块\测试程序\Project.uvprojx
Project File Date:  02/27/2025

<h2>Output:</h2>
*** Using Compiler 'V5.06 update 6 (build 750)', folder: 'D:\Keil_v5\ARM\ARMCC\Bin'
Build target 'Target 1'
assembling startup_stm32f10x_md.s...
compiling core_cm3.c...
compiling stm32f10x_dac.c...
compiling misc.c...
compiling stm32f10x_dbgmcu.c...
compiling stm32f10x_crc.c...
compiling stm32f10x_cec.c...
compiling stm32f10x_adc.c...
compiling system_stm32f10x.c...
compiling stm32f10x_bkp.c...
compiling stm32f10x_can.c...
compiling stm32f10x_dma.c...
compiling stm32f10x_exti.c...
compiling stm32f10x_fsmc.c...
compiling stm32f10x_iwdg.c...
compiling stm32f10x_gpio.c...
compiling stm32f10x_flash.c...
compiling stm32f10x_i2c.c...
compiling sys.c...
compiling stm32f10x_wwdg.c...
compiling infrared.c...
compiling stm32f10x_sdio.c...
compiling stm32f10x_spi.c...
compiling TIM.c...
compiling stm32f10x_rtc.c...
compiling stm32f10x_pwr.c...
compiling stm32f10x_tim.c...
compiling stm32f10x_usart.c...
compiling stm32f10x_rcc.c...
compiling LED.c...
compiling delay.c...
compiling stm32f10x_it.c...
compiling DHT11.c...
compiling usart1.c...
System\usart1.c(144): warning:  #167-D: argument of type "unsigned char *" is incompatible with parameter of type "const char *"
              if (strstr(buffer, response) != NULL) {
System\usart1.c(149): warning:  #111-D: statement is unreachable
      return false; // 这个返回值永远不会被使用，因为循环一直持续直到成功
System\usart1.c: 2 warnings, 0 errors
compiling main.c...
User\main.c(42): warning:  #167-D: argument of type "char *" is incompatible with parameter of type "unsigned char *"
  		Usart_SendString(USART1,display_buf,2);
User\main.c(45): warning:  #167-D: argument of type "char *" is incompatible with parameter of type "unsigned char *"
  		Usart_SendString(USART1,display_buf,2);
User\main.c: 2 warnings, 0 errors
linking...
Program Size: Code=4428 RO-data=288 RW-data=100 ZI-data=2708  
FromELF: creating hex file...
".\Objects\Project.axf" - 0 Error(s), 4 Warning(s).

<h2>Software Packages used:</h2>

Package Vendor: Keil
                http://www.keil.com/pack/Keil.STM32F1xx_DFP.1.0.5.pack
                Keil.STM32F1xx_DFP.1.0.5
                STMicroelectronics STM32F1 Series Device Support, Drivers and Examples

<h2>Collection of Component include folders:</h2>
  .\RTE\_Target_1
  D:\Users\Admin\AppData\Local\Arm\Packs\Keil\STM32F1xx_DFP\1.0.5\Device\Include

<h2>Collection of Component Files used:</h2>
Build Time Elapsed:  00:00:24
</pre>
</body>
</html>
