<html>
<body>
<pre>
<h1>礦ision Build Log</h1>
<h2>Tool Versions:</h2>
IDE-Version: μVision V5.25.3.0
Copyright (C) 2018 ARM Ltd and ARM Germany GmbH. All rights reserved.
License Information: 111 111, 111, LIC=9WSKC-734FY-FW72N-YRI2B-VGY9V-CR717
 
Tool Versions:
Toolchain:       MDK-ARM Plus  Version: 5.14.0.0
Toolchain Path:  C:\Keil_v5\ARM\ARMCC\Bin
C Compiler:      Armcc.exe V5.05 update 1 (build 106)
Assembler:       Armasm.exe V5.05 update 1 (build 106)
Linker/Locator:  ArmLink.exe V5.05 update 1 (build 106)
Library Manager: ArmAr.exe V5.05 update 1 (build 106)
Hex Converter:   FromElf.exe V5.05 update 1 (build 106)
CPU DLL:         SARMCM3.DLL V5.14.0.0
Dialog DLL:      DCM.DLL V1.13.1.0
Target DLL:      CMSIS_AGDI.dll V1.21.0.0
Dialog DLL:      TCM.DLL V1.14.4.0
 
<h2>Project:</h2>
G:\桌面新建文件夹\测试程序\Project.uvprojx
Project File Date:  11/23/2024

<h2>Output:</h2>
*** Using Compiler 'V5.05 update 1 (build 106)', folder: 'C:\Keil_v5\ARM\ARMCC\Bin'
Rebuild target 'Target 1'
assembling startup_stm32f10x_md.s...
compiling misc.c...
compiling stm32f10x_bkp.c...
compiling system_stm32f10x.c...
compiling stm32f10x_adc.c...
compiling core_cm3.c...
compiling stm32f10x_can.c...
compiling stm32f10x_cec.c...
compiling stm32f10x_dac.c...
compiling stm32f10x_crc.c...
compiling stm32f10x_dbgmcu.c...
compiling stm32f10x_dma.c...
compiling stm32f10x_i2c.c...
compiling stm32f10x_exti.c...
compiling stm32f10x_flash.c...
compiling stm32f10x_gpio.c...
compiling stm32f10x_fsmc.c...
compiling stm32f10x_iwdg.c...
compiling stm32f10x_pwr.c...
compiling stm32f10x_rcc.c...
compiling stm32f10x_spi.c...
compiling stm32f10x_sdio.c...
compiling stm32f10x_rtc.c...
compiling stm32f10x_usart.c...
compiling stm32f10x_tim.c...
compiling stm32f10x_wwdg.c...
compiling LED.c...
compiling delay.c...
compiling sys.c...
compiling HCSR04.c...
System\HCSR04.c(23): warning:  #188-D: enumerated type mixed with another type
    GPIO_WriteBit(GPIOB,GPIO_Pin_5,0);            //输出低电平
System\HCSR04.c(30): warning:  #188-D: enumerated type mixed with another type
    GPIO_WriteBit(GPIOB,Trig,1);            //输出高电平
System\HCSR04.c(32): warning:  #188-D: enumerated type mixed with another type
    GPIO_WriteBit(GPIOB,Trig,0);            //输出低电平
System\HCSR04.c(72): warning:  #1-D: last line of file ends without a newline
  }
System\HCSR04.c: 4 warnings, 0 errors
compiling usart1.c...
System\usart1.c(144): warning:  #167-D: argument of type "unsigned char *" is incompatible with parameter of type "const char *"
              if (strstr(buffer, response) != NULL) {
System\usart1.c(149): warning:  #111-D: statement is unreachable
      return false; // 这个返回值永远不会被使用，因为循环一直持续直到成功
System\usart1.c: 2 warnings, 0 errors
compiling Timer.c...
System\Timer.c(40): warning:  #1-D: last line of file ends without a newline
  }*/
System\Timer.c: 1 warning, 0 errors
compiling stm32f10x_it.c...
compiling main.c...
.\System\Timer.h(6): warning:  #1-D: last line of file ends without a newline
  #endif
.\System\HCSR04.h(8): warning:  #1-D: last line of file ends without a newline
  #endif
User\main.c(24): warning:  #223-D: function "sprintf" declared implicitly
  			sprintf(display_buf,"%d",Distance_mm);
User\main.c(25): warning:  #167-D: argument of type "char *" is incompatible with parameter of type "unsigned char *"
  			Usart_SendString(USART1,display_buf,4);
User\main.c(30): warning:  #1-D: last line of file ends without a newline
  	 
User\main.c: 5 warnings, 0 errors
linking...
Program Size: Code=4468 RO-data=288 RW-data=96 ZI-data=2704  
FromELF: creating hex file...
".\Objects\Project.axf" - 0 Error(s), 12 Warning(s).

<h2>Software Packages used:</h2>

Package Vendor: Keil
                http://www.keil.com/pack/Keil.STM32F1xx_DFP.2.4.0.pack
                Keil.STM32F1xx_DFP.2.4.0
                STMicroelectronics STM32F1 Series Device Support, Drivers and Examples

<h2>Collection of Component include folders:</h2>
  .\RTE\_Target_1
  C:\Keil_v5\ARM\PACK\Keil\STM32F1xx_DFP\2.4.0\Device\Include

<h2>Collection of Component Files used:</h2>
Build Time Elapsed:  00:00:12
</pre>
</body>
</html>
